2026-04-08 09:19:02.982 [main] INFO  c.lhj.xiaohuangshuauth.XiaohuangshuAuthApplication - Starting XiaohuangshuAuthApplication using Java 21.0.10 with PID 42292 (H:\MyNewProject\xiaohuangshu\xiaohuangshu-auth\target\classes started by LHJ-PC in H:\MyNewProject\xiaohuangshu)
2026-04-08 09:19:02.983 [main] INFO  c.lhj.xiaohuangshuauth.XiaohuangshuAuthApplication - The following 1 profile is active: "dev"
2026-04-08 09:19:03.566 [main] INFO  o.s.d.r.config.RepositoryConfigurationDelegate - Multiple Spring Data modules found, entering strict repository configuration mode
2026-04-08 09:19:03.568 [main] INFO  o.s.d.r.config.RepositoryConfigurationDelegate - Bootstrapping Spring Data Redis repositories in DEFAULT mode.
2026-04-08 09:19:03.591 [main] INFO  o.s.d.r.config.RepositoryConfigurationDelegate - Finished Spring Data repository scanning in 11 ms. Found 0 Redis repository interfaces.
2026-04-08 09:19:04.223 [main] INFO  o.s.boot.web.embedded.tomcat.TomcatWebServer - Tomcat initialized with port 8080 (http)
2026-04-08 09:19:04.226 [main] INFO  org.apache.catalina.core.AprLifecycleListener - Loaded Apache Tomcat Native library [2.0.9] using APR version [1.7.6].
2026-04-08 09:19:04.230 [main] INFO  org.apache.catalina.core.AprLifecycleListener - OpenSSL successfully initialized [OpenSSL 3.5.0 8 Apr 2025]
2026-04-08 09:19:04.239 [main] INFO  org.apache.catalina.core.StandardService - Starting service [Tomcat]
2026-04-08 09:19:04.239 [main] INFO  org.apache.catalina.core.StandardEngine - Starting Servlet engine: [Apache Tomcat/10.1.19]
2026-04-08 09:19:04.310 [main] INFO  o.a.c.core.ContainerBase.[Tomcat].[localhost].[/] - Initializing Spring embedded WebApplicationContext
2026-04-08 09:19:04.311 [main] INFO  o.s.b.w.s.c.ServletWebServerApplicationContext - Root WebApplicationContext: initialization completed in 1290 ms
2026-04-08 09:19:04.893 [main] INFO  c.a.d.s.b.a.DruidDataSourceAutoConfigure - Init DruidDataSource
2026-04-08 09:19:05.193 [main] INFO  com.alibaba.druid.pool.DruidDataSource - {dataSource-1} inited
2026-04-08 09:19:05.513 [main] INFO  o.s.boot.web.embedded.tomcat.TomcatWebServer - Tomcat started on port 8080 (http) with context path ''
2026-04-08 09:19:05.519 [main] INFO  c.lhj.xiaohuangshuauth.XiaohuangshuAuthApplication - Started XiaohuangshuAuthApplication in 3.038 seconds (process running for 3.785)
2026-04-08 09:19:39.625 [http-nio-8080-exec-2] INFO  o.a.c.core.ContainerBase.[Tomcat].[localhost].[/] - Initializing Spring DispatcherServlet 'dispatcherServlet'
2026-04-08 09:19:39.625 [http-nio-8080-exec-2] INFO  org.springframework.web.servlet.DispatcherServlet - Initializing Servlet 'dispatcherServlet'
2026-04-08 09:19:39.626 [http-nio-8080-exec-2] INFO  org.springframework.web.servlet.DispatcherServlet - Completed initialization in 1 ms
2026-04-08 09:19:39.766 [http-nio-8080-exec-2] INFO  c.l.f.b.operationlog.aspect.ApiOperationLogAspect - ====== 请求开始: [发送短信验证码], 入参: {"phone":"15520778626"}, 请求类: VerificationCodeController, 请求方法: send =================================== 
2026-04-08 09:19:40.097 [http-nio-8080-exec-2] ERROR c.l.x.service.impl.VerificationCodeServiceImpl - Redis connection error when sending verification code, phone: 15520778626
org.springframework.data.redis.RedisConnectionFailureException: Unable to connect to Redis
	at org.springframework.data.redis.connection.lettuce.LettuceConnectionFactory$ExceptionTranslatingConnectionProvider.translateException(LettuceConnectionFactory.java:1795)
	at org.springframework.data.redis.connection.lettuce.LettuceConnectionFactory$ExceptionTranslatingConnectionProvider.getConnection(LettuceConnectionFactory.java:1726)
	at org.springframework.data.redis.connection.lettuce.LettuceConnectionFactory$SharedConnection.getNativeConnection(LettuceConnectionFactory.java:1528)
	at org.springframework.data.redis.connection.lettuce.LettuceConnectionFactory$SharedConnection.lambda$getConnection$0(LettuceConnectionFactory.java:1508)
	at org.springframework.data.redis.connection.lettuce.LettuceConnectionFactory.doInLock(LettuceConnectionFactory.java:1469)
	at org.springframework.data.redis.connection.lettuce.LettuceConnectionFactory$SharedConnection.getConnection(LettuceConnectionFactory.java:1505)
	at org.springframework.data.redis.connection.lettuce.LettuceConnectionFactory.getSharedConnection(LettuceConnectionFactory.java:1191)
	at org.springframework.data.redis.connection.lettuce.LettuceConnectionFactory.getConnection(LettuceConnectionFactory.java:997)
	at org.springframework.data.redis.core.RedisConnectionUtils.fetchConnection(RedisConnectionUtils.java:194)
	at org.springframework.data.redis.core.RedisConnectionUtils.doGetConnection(RedisConnectionUtils.java:143)
	at org.springframework.data.redis.core.RedisConnectionUtils.getConnection(RedisConnectionUtils.java:104)
	at org.springframework.data.redis.core.RedisTemplate.execute(RedisTemplate.java:383)
	at org.springframework.data.redis.core.RedisTemplate.execute(RedisTemplate.java:363)
	at org.springframework.data.redis.core.RedisTemplate.doWithKeys(RedisTemplate.java:775)
	at org.springframework.data.redis.core.RedisTemplate.hasKey(RedisTemplate.java:561)
	at com.lhj.xiaohuangshuauth.service.impl.VerificationCodeServiceImpl.send(VerificationCodeServiceImpl.java:49)
	at com.lhj.xiaohuangshuauth.controller.VerificationCodeController.send(VerificationCodeController.java:24)
	at java.base/jdk.internal.reflect.DirectMethodHandleAccessor.invoke(DirectMethodHandleAccessor.java:103)
	at java.base/java.lang.reflect.Method.invoke(Method.java:580)
	at org.springframework.aop.support.AopUtils.invokeJoinpointUsingReflection(AopUtils.java:351)
	at org.springframework.aop.framework.ReflectiveMethodInvocation.invokeJoinpoint(ReflectiveMethodInvocation.java:196)
	at org.springframework.aop.framework.ReflectiveMethodInvocation.proceed(ReflectiveMethodInvocation.java:163)
	at org.springframework.aop.framework.CglibAopProxy$CglibMethodInvocation.proceed(CglibAopProxy.java:765)
	at org.springframework.aop.aspectj.MethodInvocationProceedingJoinPoint.proceed(MethodInvocationProceedingJoinPoint.java:89)
	at com.lhj.framework.biz.operationlog.aspect.ApiOperationLogAspect.doAround(ApiOperationLogAspect.java:43)
	at java.base/jdk.internal.reflect.DirectMethodHandleAccessor.invoke(DirectMethodHandleAccessor.java:103)
	at java.base/java.lang.reflect.Method.invoke(Method.java:580)
	at org.springframework.aop.aspectj.AbstractAspectJAdvice.invokeAdviceMethodWithGivenArgs(AbstractAspectJAdvice.java:637)
	at org.springframework.aop.aspectj.AbstractAspectJAdvice.invokeAdviceMethod(AbstractAspectJAdvice.java:627)
	at org.springframework.aop.aspectj.AspectJAroundAdvice.invoke(AspectJAroundAdvice.java:71)
	at org.springframework.aop.framework.ReflectiveMethodInvocation.proceed(ReflectiveMethodInvocation.java:173)
	at org.springframework.aop.framework.CglibAopProxy$CglibMethodInvocation.proceed(CglibAopProxy.java:765)
	at org.springframework.aop.interceptor.ExposeInvocationInterceptor.invoke(ExposeInvocationInterceptor.java:97)
	at org.springframework.aop.framework.ReflectiveMethodInvocation.proceed(ReflectiveMethodInvocation.java:184)
	at org.springframework.aop.framework.CglibAopProxy$CglibMethodInvocation.proceed(CglibAopProxy.java:765)
	at org.springframework.aop.framework.CglibAopProxy$DynamicAdvisedInterceptor.intercept(CglibAopProxy.java:717)
	at com.lhj.xiaohuangshuauth.controller.VerificationCodeController$$SpringCGLIB$$0.send(<generated>)
	at java.base/jdk.internal.reflect.DirectMethodHandleAccessor.invoke(DirectMethodHandleAccessor.java:103)
	at java.base/java.lang.reflect.Method.invoke(Method.java:580)
	at org.springframework.web.method.support.InvocableHandlerMethod.doInvoke(InvocableHandlerMethod.java:255)
	at org.springframework.web.method.support.InvocableHandlerMethod.invokeForRequest(InvocableHandlerMethod.java:188)
	at org.springframework.web.servlet.mvc.method.annotation.ServletInvocableHandlerMethod.invokeAndHandle(ServletInvocableHandlerMethod.java:118)
	at org.springframework.web.servlet.mvc.method.annotation.RequestMappingHandlerAdapter.invokeHandlerMethod(RequestMappingHandlerAdapter.java:925)
	at org.springframework.web.servlet.mvc.method.annotation.RequestMappingHandlerAdapter.handleInternal(RequestMappingHandlerAdapter.java:830)
	at org.springframework.web.servlet.mvc.method.AbstractHandlerMethodAdapter.handle(AbstractHandlerMethodAdapter.java:87)
	at org.springframework.web.servlet.DispatcherServlet.doDispatch(DispatcherServlet.java:1089)
	at org.springframework.web.servlet.DispatcherServlet.doService(DispatcherServlet.java:979)
	at org.springframework.web.servlet.FrameworkServlet.processRequest(FrameworkServlet.java:1014)
	at org.springframework.web.servlet.FrameworkServlet.doPost(FrameworkServlet.java:914)
	at jakarta.servlet.http.HttpServlet.service(HttpServlet.java:590)
	at org.springframework.web.servlet.FrameworkServlet.service(FrameworkServlet.java:885)
	at jakarta.servlet.http.HttpServlet.service(HttpServlet.java:658)
	at org.apache.catalina.core.ApplicationFilterChain.internalDoFilter(ApplicationFilterChain.java:205)
	at org.apache.catalina.core.ApplicationFilterChain.doFilter(ApplicationFilterChain.java:149)
	at org.apache.tomcat.websocket.server.WsFilter.doFilter(WsFilter.java:51)
	at org.apache.catalina.core.ApplicationFilterChain.internalDoFilter(ApplicationFilterChain.java:174)
	at org.apache.catalina.core.ApplicationFilterChain.doFilter(ApplicationFilterChain.java:149)
	at com.alibaba.druid.support.jakarta.WebStatFilter.doFilter(WebStatFilter.java:113)
	at org.apache.catalina.core.ApplicationFilterChain.internalDoFilter(ApplicationFilterChain.java:174)
	at org.apache.catalina.core.ApplicationFilterChain.doFilter(ApplicationFilterChain.java:149)
	at org.springframework.web.filter.RequestContextFilter.doFilterInternal(RequestContextFilter.java:100)
	at org.springframework.web.filter.OncePerRequestFilter.doFilter(OncePerRequestFilter.java:116)
	at org.apache.catalina.core.ApplicationFilterChain.internalDoFilter(ApplicationFilterChain.java:174)
	at org.apache.catalina.core.ApplicationFilterChain.doFilter(ApplicationFilterChain.java:149)
	at cn.dev33.satoken.filter.SaPathCheckFilterForJakartaServlet.doFilter(SaPathCheckFilterForJakartaServlet.java:55)
	at org.apache.catalina.core.ApplicationFilterChain.internalDoFilter(ApplicationFilterChain.java:174)
	at org.apache.catalina.core.ApplicationFilterChain.doFilter(ApplicationFilterChain.java:149)
	at org.springframework.web.filter.FormContentFilter.doFilterInternal(FormContentFilter.java:93)
	at org.springframework.web.filter.OncePerRequestFilter.doFilter(OncePerRequestFilter.java:116)
	at org.apache.catalina.core.ApplicationFilterChain.internalDoFilter(ApplicationFilterChain.java:174)
	at org.apache.catalina.core.ApplicationFilterChain.doFilter(ApplicationFilterChain.java:149)
	at org.springframework.web.filter.CharacterEncodingFilter.doFilterInternal(CharacterEncodingFilter.java:201)
	at org.springframework.web.filter.OncePerRequestFilter.doFilter(OncePerRequestFilter.java:116)
	at org.apache.catalina.core.ApplicationFilterChain.internalDoFilter(ApplicationFilterChain.java:174)
	at org.apache.catalina.core.ApplicationFilterChain.doFilter(ApplicationFilterChain.java:149)
	at org.apache.catalina.core.StandardWrapperValve.invoke(StandardWrapperValve.java:167)
	at org.apache.catalina.core.StandardContextValve.invoke(StandardContextValve.java:90)
	at org.apache.catalina.authenticator.AuthenticatorBase.invoke(AuthenticatorBase.java:482)
	at org.apache.catalina.core.StandardHostValve.invoke(StandardHostValve.java:115)
	at org.apache.catalina.valves.ErrorReportValve.invoke(ErrorReportValve.java:93)
	at org.apache.catalina.core.StandardEngineValve.invoke(StandardEngineValve.java:74)
	at org.apache.catalina.connector.CoyoteAdapter.service(CoyoteAdapter.java:344)
	at org.apache.coyote.http11.Http11Processor.service(Http11Processor.java:391)
	at org.apache.coyote.AbstractProcessorLight.process(AbstractProcessorLight.java:63)
	at org.apache.coyote.AbstractProtocol$ConnectionHandler.process(AbstractProtocol.java:896)
	at org.apache.tomcat.util.net.NioEndpoint$SocketProcessor.doRun(NioEndpoint.java:1744)
	at org.apache.tomcat.util.net.SocketProcessorBase.run(SocketProcessorBase.java:52)
	at org.apache.tomcat.util.threads.ThreadPoolExecutor.runWorker(ThreadPoolExecutor.java:1191)
	at org.apache.tomcat.util.threads.ThreadPoolExecutor$Worker.run(ThreadPoolExecutor.java:659)
	at org.apache.tomcat.util.threads.TaskThread$WrappingRunnable.run(TaskThread.java:63)
	at java.base/java.lang.Thread.run(Thread.java:1583)
Caused by: io.lettuce.core.RedisConnectionException: Unable to connect to 127.0.0.1/<unresolved>:6379
	at io.lettuce.core.RedisConnectionException.create(RedisConnectionException.java:78)
	at io.lettuce.core.RedisConnectionException.create(RedisConnectionException.java:56)
	at io.lettuce.core.AbstractRedisClient.getConnection(AbstractRedisClient.java:350)
	at io.lettuce.core.RedisClient.connect(RedisClient.java:215)
	at org.springframework.data.redis.connection.lettuce.StandaloneConnectionProvider.lambda$getConnection$1(StandaloneConnectionProvider.java:112)
	at java.base/java.util.Optional.orElseGet(Optional.java:364)
	at org.springframework.data.redis.connection.lettuce.StandaloneConnectionProvider.getConnection(StandaloneConnectionProvider.java:112)
	at org.springframework.data.redis.connection.lettuce.LettuceConnectionFactory$ExceptionTranslatingConnectionProvider.getConnection(LettuceConnectionFactory.java:1724)
	... 89 common frames omitted
Caused by: io.netty.channel.AbstractChannel$AnnotatedConnectException: Connection refused: getsockopt: /127.0.0.1:6379
Caused by: java.net.ConnectException: Connection refused: getsockopt
	at java.base/sun.nio.ch.Net.pollConnect(Native Method)
	at java.base/sun.nio.ch.Net.pollConnectNow(Net.java:690)
	at java.base/sun.nio.ch.SocketChannelImpl.finishConnect(SocketChannelImpl.java:973)
	at io.netty.channel.socket.nio.NioSocketChannel.doFinishConnect(NioSocketChannel.java:337)
	at io.netty.channel.nio.AbstractNioChannel$AbstractNioUnsafe.finishConnect(AbstractNioChannel.java:335)
	at io.netty.channel.nio.NioEventLoop.processSelectedKey(NioEventLoop.java:776)
	at io.netty.channel.nio.NioEventLoop.processSelectedKeysOptimized(NioEventLoop.java:724)
	at io.netty.channel.nio.NioEventLoop.processSelectedKeys(NioEventLoop.java:650)
	at io.netty.channel.nio.NioEventLoop.run(NioEventLoop.java:562)
	at io.netty.util.concurrent.SingleThreadEventExecutor$4.run(SingleThreadEventExecutor.java:997)
	at io.netty.util.internal.ThreadExecutorMap$2.run(ThreadExecutorMap.java:74)
	at io.netty.util.concurrent.FastThreadLocalRunnable.run(FastThreadLocalRunnable.java:30)
	at java.base/java.lang.Thread.run(Thread.java:1583)
2026-04-08 09:19:40.103 [http-nio-8080-exec-2] WARN  c.l.x.exception.GlobalExceptionHandler - /verification/code/send request fail, errorCode: AUTH-20001, errorMessage: 验证码服务暂不可用，请稍后重试
2026-04-08 09:20:28.154 [SpringApplicationShutdownHook] INFO  com.alibaba.druid.pool.DruidDataSource - {dataSource-1} closing ...
2026-04-08 09:20:28.157 [SpringApplicationShutdownHook] INFO  com.alibaba.druid.pool.DruidDataSource - {dataSource-1} closed
2026-04-08 09:20:30.255 [main] INFO  c.lhj.xiaohuangshuauth.XiaohuangshuAuthApplication - Starting XiaohuangshuAuthApplication using Java 21.0.10 with PID 22792 (H:\MyNewProject\xiaohuangshu\xiaohuangshu-auth\target\classes started by LHJ-PC in H:\MyNewProject\xiaohuangshu)
2026-04-08 09:20:30.257 [main] INFO  c.lhj.xiaohuangshuauth.XiaohuangshuAuthApplication - The following 1 profile is active: "dev"
2026-04-08 09:20:30.752 [main] INFO  o.s.d.r.config.RepositoryConfigurationDelegate - Multiple Spring Data modules found, entering strict repository configuration mode
2026-04-08 09:20:30.754 [main] INFO  o.s.d.r.config.RepositoryConfigurationDelegate - Bootstrapping Spring Data Redis repositories in DEFAULT mode.
2026-04-08 09:20:30.772 [main] INFO  o.s.d.r.config.RepositoryConfigurationDelegate - Finished Spring Data repository scanning in 10 ms. Found 0 Redis repository interfaces.
2026-04-08 09:20:31.264 [main] INFO  o.s.boot.web.embedded.tomcat.TomcatWebServer - Tomcat initialized with port 8080 (http)
2026-04-08 09:20:31.267 [main] INFO  org.apache.catalina.core.AprLifecycleListener - Loaded Apache Tomcat Native library [2.0.9] using APR version [1.7.6].
2026-04-08 09:20:31.271 [main] INFO  org.apache.catalina.core.AprLifecycleListener - OpenSSL successfully initialized [OpenSSL 3.5.0 8 Apr 2025]
2026-04-08 09:20:31.278 [main] INFO  org.apache.catalina.core.StandardService - Starting service [Tomcat]
2026-04-08 09:20:31.278 [main] INFO  org.apache.catalina.core.StandardEngine - Starting Servlet engine: [Apache Tomcat/10.1.19]
2026-04-08 09:20:31.342 [main] INFO  o.a.c.core.ContainerBase.[Tomcat].[localhost].[/] - Initializing Spring embedded WebApplicationContext
2026-04-08 09:20:31.342 [main] INFO  o.s.b.w.s.c.ServletWebServerApplicationContext - Root WebApplicationContext: initialization completed in 1044 ms
2026-04-08 09:20:31.871 [main] INFO  c.a.d.s.b.a.DruidDataSourceAutoConfigure - Init DruidDataSource
2026-04-08 09:20:32.099 [main] INFO  com.alibaba.druid.pool.DruidDataSource - {dataSource-1} inited
2026-04-08 09:20:32.406 [main] INFO  o.s.boot.web.embedded.tomcat.TomcatWebServer - Tomcat started on port 8080 (http) with context path ''
2026-04-08 09:20:32.413 [main] INFO  c.lhj.xiaohuangshuauth.XiaohuangshuAuthApplication - Started XiaohuangshuAuthApplication in 2.602 seconds (process running for 3.256)
2026-04-08 09:23:00.221 [http-nio-8080-exec-1] INFO  o.a.c.core.ContainerBase.[Tomcat].[localhost].[/] - Initializing Spring DispatcherServlet 'dispatcherServlet'
2026-04-08 09:23:00.223 [http-nio-8080-exec-1] INFO  org.springframework.web.servlet.DispatcherServlet - Initializing Servlet 'dispatcherServlet'
2026-04-08 09:23:00.224 [http-nio-8080-exec-1] INFO  org.springframework.web.servlet.DispatcherServlet - Completed initialization in 1 ms
2026-04-08 09:23:00.390 [http-nio-8080-exec-1] INFO  c.l.f.b.operationlog.aspect.ApiOperationLogAspect - ====== 请求开始: [发送短信验证码], 入参: {"phone":"15520778626"}, 请求类: VerificationCodeController, 请求方法: send =================================== 
2026-04-08 09:23:00.765 [http-nio-8080-exec-1] INFO  c.l.x.service.impl.VerificationCodeServiceImpl - verification code cached, phone: 15520778626, code: 673318
2026-04-08 09:23:00.768 [AuthExecutor-1] INFO  com.lhj.xiaohuangshuauth.sms.AliyunSmsHelper - start sending sms, phone: 15520778626, signName: 速通互联验证码, templateCode: 100001, templateParam: {"code":"673318","min":"3"}
2026-04-08 09:23:00.771 [http-nio-8080-exec-1] INFO  c.l.f.b.operationlog.aspect.ApiOperationLogAspect - ====== 请求结束: [发送短信验证码], 耗时: 388ms, 出参: {"success":true} =================================== 
2026-04-08 09:23:01.636 [AuthExecutor-1] INFO  com.lhj.xiaohuangshuauth.sms.AliyunSmsHelper - aliyun sms response: {"headers":{"access-control-allow-origin":"*","date":"Wed, 08 Apr 2026 01:23:03 GMT","content-length":"132","keep-alive":"timeout=25","x-acs-request-id":"C6AF5DD0-6DC9-531A-A67C-6D2215788E01","connection":"keep-alive","content-type":"application/json;charset=utf-8","etag":"1x/lKVYfUxmrJAqiMXq5Ixg0","access-control-expose-headers":"*","x-acs-trace-id":"213f57fb90c842f8f5ce1b956b9388d3"},"body":{"message":"该账号下找不到对应模板","requestId":"C6AF5DD0-6DC9-531A-A67C-6D2215788E01","code":"isv.SMS_TEMPLATE_ILLEGAL"}}
2026-04-08 09:23:01.636 [AuthExecutor-1] WARN  com.lhj.xiaohuangshuauth.sms.AliyunSmsHelper - aliyun sms send rejected, phone: 15520778626, code: isv.SMS_TEMPLATE_ILLEGAL, message: 该账号下找不到对应模板
2026-04-08 10:22:52.914 [SpringApplicationShutdownHook] INFO  com.alibaba.druid.pool.DruidDataSource - {dataSource-1} closing ...
2026-04-08 10:22:52.927 [SpringApplicationShutdownHook] INFO  com.alibaba.druid.pool.DruidDataSource - {dataSource-1} closed
2026-04-08 10:22:59.472 [main] INFO  c.lhj.xiaohuangshuauth.XiaohuangshuAuthApplication - Starting XiaohuangshuAuthApplication using Java 21.0.10 with PID 12220 (H:\MyNewProject\xiaohuangshu\xiaohuangshu-auth\target\classes started by LHJ-PC in H:\MyNewProject\xiaohuangshu)
2026-04-08 10:22:59.474 [main] INFO  c.lhj.xiaohuangshuauth.XiaohuangshuAuthApplication - The following 1 profile is active: "dev"
2026-04-08 10:22:59.975 [main] INFO  o.s.d.r.config.RepositoryConfigurationDelegate - Multiple Spring Data modules found, entering strict repository configuration mode
2026-04-08 10:22:59.977 [main] INFO  o.s.d.r.config.RepositoryConfigurationDelegate - Bootstrapping Spring Data Redis repositories in DEFAULT mode.
2026-04-08 10:22:59.997 [main] INFO  o.s.d.r.config.RepositoryConfigurationDelegate - Finished Spring Data repository scanning in 10 ms. Found 0 Redis repository interfaces.
2026-04-08 10:23:00.517 [main] INFO  o.s.boot.web.embedded.tomcat.TomcatWebServer - Tomcat initialized with port 8080 (http)
2026-04-08 10:23:00.519 [main] INFO  org.apache.catalina.core.AprLifecycleListener - Loaded Apache Tomcat Native library [2.0.9] using APR version [1.7.6].
2026-04-08 10:23:00.523 [main] INFO  org.apache.catalina.core.AprLifecycleListener - OpenSSL successfully initialized [OpenSSL 3.5.0 8 Apr 2025]
2026-04-08 10:23:00.531 [main] INFO  org.apache.catalina.core.StandardService - Starting service [Tomcat]
2026-04-08 10:23:00.532 [main] INFO  org.apache.catalina.core.StandardEngine - Starting Servlet engine: [Apache Tomcat/10.1.19]
2026-04-08 10:23:00.605 [main] INFO  o.a.c.core.ContainerBase.[Tomcat].[localhost].[/] - Initializing Spring embedded WebApplicationContext
2026-04-08 10:23:00.605 [main] INFO  o.s.b.w.s.c.ServletWebServerApplicationContext - Root WebApplicationContext: initialization completed in 1087 ms
2026-04-08 10:23:01.168 [main] INFO  c.a.d.s.b.a.DruidDataSourceAutoConfigure - Init DruidDataSource
2026-04-08 10:23:01.393 [main] INFO  com.alibaba.druid.pool.DruidDataSource - {dataSource-1} inited
2026-04-08 10:23:01.707 [main] INFO  o.s.boot.web.embedded.tomcat.TomcatWebServer - Tomcat started on port 8080 (http) with context path ''
2026-04-08 10:23:01.713 [main] INFO  c.lhj.xiaohuangshuauth.XiaohuangshuAuthApplication - Started XiaohuangshuAuthApplication in 2.686 seconds (process running for 3.284)
2026-04-08 10:23:05.306 [http-nio-8080-exec-1] INFO  o.a.c.core.ContainerBase.[Tomcat].[localhost].[/] - Initializing Spring DispatcherServlet 'dispatcherServlet'
2026-04-08 10:23:05.306 [http-nio-8080-exec-1] INFO  org.springframework.web.servlet.DispatcherServlet - Initializing Servlet 'dispatcherServlet'
2026-04-08 10:23:05.307 [http-nio-8080-exec-1] INFO  org.springframework.web.servlet.DispatcherServlet - Completed initialization in 1 ms
2026-04-08 10:23:05.431 [http-nio-8080-exec-1] INFO  c.l.f.b.operationlog.aspect.ApiOperationLogAspect - ====== 请求开始: [发送短信验证码], 入参: {"phone":"15520778626"}, 请求类: VerificationCodeController, 请求方法: send =================================== 
2026-04-08 10:23:05.806 [http-nio-8080-exec-1] INFO  c.l.x.service.impl.VerificationCodeServiceImpl - ==> 手机号:15520778626,已生成验证码：【436495】
2026-04-08 10:23:05.808 [AuthExecutor-1] INFO  com.lhj.xiaohuangshuauth.sms.AliyunSmsHelper - ==> 开始发送短信, phone:15520778626, signName:速通互联验证码, templateCode:100001, templateParam:{"code":"436495","min":"3"}
2026-04-08 10:23:05.817 [http-nio-8080-exec-1] INFO  c.l.f.b.operationlog.aspect.ApiOperationLogAspect - ====== 请求结束: [发送短信验证码], 耗时: 394ms, 出参: {"success":true} =================================== 
2026-04-08 10:23:06.559 [AuthExecutor-1] ERROR com.lhj.xiaohuangshuauth.sms.AliyunSmsHelper - ==> 短信发送错误: 
com.aliyun.tea.TeaException: code: 400, SignName is mandatory for this action. request id: 225D26C1-512C-5F31-A8D9-2BB828CCCD94
	at com.aliyun.teaopenapi.Client.doRequest(Client.java:1031)
	at com.aliyun.teaopenapi.Client.callApi(Client.java:1289)
	at com.aliyun.dypnsapi20170525.Client.sendSmsVerifyCodeWithOptions(Client.java:1274)
	at com.lhj.xiaohuangshuauth.sms.AliyunSmsHelper.sendMessage(AliyunSmsHelper.java:29)
	at com.lhj.xiaohuangshuauth.service.impl.VerificationCodeServiceImpl.lambda$send$0(VerificationCodeServiceImpl.java:59)
	at java.base/java.util.concurrent.Executors$RunnableAdapter.call(Executors.java:572)
	at java.base/java.util.concurrent.FutureTask.run(FutureTask.java:317)
	at java.base/java.util.concurrent.ThreadPoolExecutor.runWorker(ThreadPoolExecutor.java:1144)
	at java.base/java.util.concurrent.ThreadPoolExecutor$Worker.run(ThreadPoolExecutor.java:642)
	at java.base/java.lang.Thread.run(Thread.java:1583)
2026-04-08 10:24:55.541 [SpringApplicationShutdownHook] INFO  com.alibaba.druid.pool.DruidDataSource - {dataSource-1} closing ...
2026-04-08 10:24:55.548 [SpringApplicationShutdownHook] INFO  com.alibaba.druid.pool.DruidDataSource - {dataSource-1} closed
2026-04-08 10:24:57.478 [main] INFO  c.lhj.xiaohuangshuauth.XiaohuangshuAuthApplication - Starting XiaohuangshuAuthApplication using Java 21.0.10 with PID 46932 (H:\MyNewProject\xiaohuangshu\xiaohuangshu-auth\target\classes started by LHJ-PC in H:\MyNewProject\xiaohuangshu)
2026-04-08 10:24:57.479 [main] INFO  c.lhj.xiaohuangshuauth.XiaohuangshuAuthApplication - The following 1 profile is active: "dev"
2026-04-08 10:24:57.943 [main] INFO  o.s.d.r.config.RepositoryConfigurationDelegate - Multiple Spring Data modules found, entering strict repository configuration mode
2026-04-08 10:24:57.945 [main] INFO  o.s.d.r.config.RepositoryConfigurationDelegate - Bootstrapping Spring Data Redis repositories in DEFAULT mode.
2026-04-08 10:24:57.969 [main] INFO  o.s.d.r.config.RepositoryConfigurationDelegate - Finished Spring Data repository scanning in 11 ms. Found 0 Redis repository interfaces.
2026-04-08 10:24:58.473 [main] INFO  o.s.boot.web.embedded.tomcat.TomcatWebServer - Tomcat initialized with port 8080 (http)
2026-04-08 10:24:58.475 [main] INFO  org.apache.catalina.core.AprLifecycleListener - Loaded Apache Tomcat Native library [2.0.9] using APR version [1.7.6].
2026-04-08 10:24:58.480 [main] INFO  org.apache.catalina.core.AprLifecycleListener - OpenSSL successfully initialized [OpenSSL 3.5.0 8 Apr 2025]
2026-04-08 10:24:58.485 [main] INFO  org.apache.catalina.core.StandardService - Starting service [Tomcat]
2026-04-08 10:24:58.485 [main] INFO  org.apache.catalina.core.StandardEngine - Starting Servlet engine: [Apache Tomcat/10.1.19]
2026-04-08 10:24:58.548 [main] INFO  o.a.c.core.ContainerBase.[Tomcat].[localhost].[/] - Initializing Spring embedded WebApplicationContext
2026-04-08 10:24:58.549 [main] INFO  o.s.b.w.s.c.ServletWebServerApplicationContext - Root WebApplicationContext: initialization completed in 1037 ms
2026-04-08 10:24:59.058 [main] INFO  c.a.d.s.b.a.DruidDataSourceAutoConfigure - Init DruidDataSource
2026-04-08 10:24:59.244 [main] INFO  com.alibaba.druid.pool.DruidDataSource - {dataSource-1} inited
2026-04-08 10:24:59.512 [main] INFO  o.s.boot.web.embedded.tomcat.TomcatWebServer - Tomcat started on port 8080 (http) with context path ''
2026-04-08 10:24:59.519 [main] INFO  c.lhj.xiaohuangshuauth.XiaohuangshuAuthApplication - Started XiaohuangshuAuthApplication in 2.435 seconds (process running for 2.968)
2026-04-08 10:25:02.035 [http-nio-8080-exec-1] INFO  o.a.c.core.ContainerBase.[Tomcat].[localhost].[/] - Initializing Spring DispatcherServlet 'dispatcherServlet'
2026-04-08 10:25:02.035 [http-nio-8080-exec-1] INFO  org.springframework.web.servlet.DispatcherServlet - Initializing Servlet 'dispatcherServlet'
2026-04-08 10:25:02.036 [http-nio-8080-exec-1] INFO  org.springframework.web.servlet.DispatcherServlet - Completed initialization in 1 ms
2026-04-08 10:25:02.163 [http-nio-8080-exec-1] INFO  c.l.f.b.operationlog.aspect.ApiOperationLogAspect - ====== 请求开始: [发送短信验证码], 入参: {"phone":"15520778626"}, 请求类: VerificationCodeController, 请求方法: send =================================== 
2026-04-08 10:25:02.475 [http-nio-8080-exec-1] WARN  c.l.x.exception.GlobalExceptionHandler - /verification/code/send request fail, errorCode: AUTH-20000, errorMessage: 请求太频繁，请 3 分钟后再试
2026-04-08 10:53:52.422 [http-nio-8080-exec-5] INFO  c.l.f.b.operationlog.aspect.ApiOperationLogAspect - ====== 请求开始: [发送短信验证码], 入参: {"phone":"15520778626"}, 请求类: VerificationCodeController, 请求方法: send =================================== 
2026-04-08 10:53:52.687 [http-nio-8080-exec-5] INFO  c.l.x.service.impl.VerificationCodeServiceImpl - ==> 手机号:15520778626,已生成验证码：【842069】
2026-04-08 10:53:52.710 [AuthExecutor-1] INFO  com.lhj.xiaohuangshuauth.sms.AliyunSmsHelper - ==> 开始发送短信, phone:15520778626, signName:速通互联验证码, templateCode:100001, templateParam:{"code":"842069","min":"3"}
2026-04-08 10:53:52.742 [http-nio-8080-exec-5] INFO  c.l.f.b.operationlog.aspect.ApiOperationLogAspect - ====== 请求结束: [发送短信验证码], 耗时: 332ms, 出参: {"success":true} =================================== 
2026-04-08 10:53:53.809 [AuthExecutor-1] ERROR com.lhj.xiaohuangshuauth.sms.AliyunSmsHelper - ==> 短信发送错误: 
com.aliyun.tea.TeaException: code: 400, SignName is mandatory for this action. request id: 4BF674A3-710B-5FDF-8248-D44C0FF33DED
	at com.aliyun.teaopenapi.Client.doRequest(Client.java:1031)
	at com.aliyun.teaopenapi.Client.callApi(Client.java:1289)
	at com.aliyun.dypnsapi20170525.Client.sendSmsVerifyCodeWithOptions(Client.java:1274)
	at com.lhj.xiaohuangshuauth.sms.AliyunSmsHelper.sendMessage(AliyunSmsHelper.java:29)
	at com.lhj.xiaohuangshuauth.service.impl.VerificationCodeServiceImpl.lambda$send$0(VerificationCodeServiceImpl.java:59)
	at java.base/java.util.concurrent.Executors$RunnableAdapter.call(Executors.java:572)
	at java.base/java.util.concurrent.FutureTask.run(FutureTask.java:317)
	at java.base/java.util.concurrent.ThreadPoolExecutor.runWorker(ThreadPoolExecutor.java:1144)
	at java.base/java.util.concurrent.ThreadPoolExecutor$Worker.run(ThreadPoolExecutor.java:642)
	at java.base/java.lang.Thread.run(Thread.java:1583)
2026-04-08 11:05:29.946 [SpringApplicationShutdownHook] INFO  com.alibaba.druid.pool.DruidDataSource - {dataSource-1} closing ...
2026-04-08 11:05:29.948 [SpringApplicationShutdownHook] INFO  com.alibaba.druid.pool.DruidDataSource - {dataSource-1} closed
2026-04-08 11:05:33.998 [main] INFO  c.lhj.xiaohuangshuauth.XiaohuangshuAuthApplication - Starting XiaohuangshuAuthApplication using Java 21.0.10 with PID 50808 (H:\MyNewProject\xiaohuangshu\xiaohuangshu-auth\target\classes started by LHJ-PC in H:\MyNewProject\xiaohuangshu)
2026-04-08 11:05:33.998 [main] INFO  c.lhj.xiaohuangshuauth.XiaohuangshuAuthApplication - The following 1 profile is active: "dev"
2026-04-08 11:05:34.568 [main] INFO  o.s.d.r.config.RepositoryConfigurationDelegate - Multiple Spring Data modules found, entering strict repository configuration mode
2026-04-08 11:05:34.570 [main] INFO  o.s.d.r.config.RepositoryConfigurationDelegate - Bootstrapping Spring Data Redis repositories in DEFAULT mode.
2026-04-08 11:05:34.595 [main] INFO  o.s.d.r.config.RepositoryConfigurationDelegate - Finished Spring Data repository scanning in 10 ms. Found 0 Redis repository interfaces.
2026-04-08 11:05:35.223 [main] INFO  o.s.boot.web.embedded.tomcat.TomcatWebServer - Tomcat initialized with port 8080 (http)
2026-04-08 11:05:35.226 [main] INFO  org.apache.catalina.core.AprLifecycleListener - Loaded Apache Tomcat Native library [2.0.9] using APR version [1.7.6].
2026-04-08 11:05:35.238 [main] INFO  org.apache.catalina.core.AprLifecycleListener - OpenSSL successfully initialized [OpenSSL 3.5.0 8 Apr 2025]
2026-04-08 11:05:35.245 [main] INFO  org.apache.catalina.core.StandardService - Starting service [Tomcat]
2026-04-08 11:05:35.245 [main] INFO  org.apache.catalina.core.StandardEngine - Starting Servlet engine: [Apache Tomcat/10.1.19]
2026-04-08 11:05:35.312 [main] INFO  o.a.c.core.ContainerBase.[Tomcat].[localhost].[/] - Initializing Spring embedded WebApplicationContext
2026-04-08 11:05:35.312 [main] INFO  o.s.b.w.s.c.ServletWebServerApplicationContext - Root WebApplicationContext: initialization completed in 1273 ms
2026-04-08 11:05:35.895 [main] INFO  c.a.d.s.b.a.DruidDataSourceAutoConfigure - Init DruidDataSource
2026-04-08 11:05:36.142 [main] INFO  com.alibaba.druid.pool.DruidDataSource - {dataSource-1} inited
2026-04-08 11:05:36.462 [main] INFO  o.s.boot.web.embedded.tomcat.TomcatWebServer - Tomcat started on port 8080 (http) with context path ''
2026-04-08 11:05:36.468 [main] INFO  c.lhj.xiaohuangshuauth.XiaohuangshuAuthApplication - Started XiaohuangshuAuthApplication in 2.923 seconds (process running for 3.616)
2026-04-08 11:05:39.406 [http-nio-8080-exec-1] INFO  o.a.c.core.ContainerBase.[Tomcat].[localhost].[/] - Initializing Spring DispatcherServlet 'dispatcherServlet'
2026-04-08 11:05:39.406 [http-nio-8080-exec-1] INFO  org.springframework.web.servlet.DispatcherServlet - Initializing Servlet 'dispatcherServlet'
2026-04-08 11:05:39.407 [http-nio-8080-exec-1] INFO  org.springframework.web.servlet.DispatcherServlet - Completed initialization in 1 ms
2026-04-08 11:05:39.568 [http-nio-8080-exec-1] INFO  c.l.f.b.operationlog.aspect.ApiOperationLogAspect - ====== 请求开始: [发送短信验证码], 入参: {"phone":"15520778626"}, 请求类: VerificationCodeController, 请求方法: send =================================== 
2026-04-08 11:05:39.964 [http-nio-8080-exec-1] INFO  c.l.x.service.impl.VerificationCodeServiceImpl - ==> 手机号:15520778626,已生成验证码：【754167】
2026-04-08 11:05:39.966 [AuthExecutor-1] INFO  com.lhj.xiaohuangshuauth.sms.AliyunSmsHelper - ==> 开始短信发送 , phone: 15520778626, signName: 速通互联验证码, templateCode: 100001, templateParam: {"code":"754167","min":"3"}
2026-04-08 11:05:39.974 [http-nio-8080-exec-1] INFO  c.l.f.b.operationlog.aspect.ApiOperationLogAspect - ====== 请求结束: [发送短信验证码], 耗时: 413ms, 出参: {"success":true} =================================== 
2026-04-08 11:05:41.110 [AuthExecutor-1] INFO  com.lhj.xiaohuangshuauth.sms.AliyunSmsHelper - ==> 短信发送成功, response: {"headers":{"access-control-allow-origin":"*","date":"Wed, 08 Apr 2026 03:05:42 GMT","content-length":"135","keep-alive":"timeout=25","x-acs-request-id":"DE9CAB57-46B1-5DE0-B4EA-B415039F5926","connection":"keep-alive","content-type":"application/json;charset=utf-8","etag":"1/yMiXO+wrlZ786eRUiy0kg5","access-control-expose-headers":"*","x-acs-trace-id":"dcbc619bc736c6e5062106eadf7db603"},"statusCode":200,"body":{"code":"OK","message":"OK","model":{"bizId":"941207375617542553^0","requestId":"485e2423-6c93-48cd-a3e2-e264099d421c"},"success":true}}
2026-04-08 11:28:22.049 [SpringApplicationShutdownHook] INFO  com.alibaba.druid.pool.DruidDataSource - {dataSource-1} closing ...
2026-04-08 11:28:22.050 [SpringApplicationShutdownHook] INFO  com.alibaba.druid.pool.DruidDataSource - {dataSource-1} closed
2026-04-08 11:28:26.392 [main] INFO  c.lhj.xiaohuangshuauth.XiaohuangshuAuthApplication - Starting XiaohuangshuAuthApplication using Java 21.0.10 with PID 20324 (H:\MyNewProject\xiaohuangshu\xiaohuangshu-auth\target\classes started by LHJ-PC in H:\MyNewProject\xiaohuangshu)
2026-04-08 11:28:26.393 [main] INFO  c.lhj.xiaohuangshuauth.XiaohuangshuAuthApplication - The following 1 profile is active: "dev"
2026-04-08 11:28:26.871 [main] INFO  o.s.d.r.config.RepositoryConfigurationDelegate - Multiple Spring Data modules found, entering strict repository configuration mode
2026-04-08 11:28:26.872 [main] INFO  o.s.d.r.config.RepositoryConfigurationDelegate - Bootstrapping Spring Data Redis repositories in DEFAULT mode.
2026-04-08 11:28:26.890 [main] INFO  o.s.d.r.config.RepositoryConfigurationDelegate - Finished Spring Data repository scanning in 9 ms. Found 0 Redis repository interfaces.
2026-04-08 11:28:27.376 [main] INFO  o.s.boot.web.embedded.tomcat.TomcatWebServer - Tomcat initialized with port 8080 (http)
2026-04-08 11:28:27.378 [main] INFO  org.apache.catalina.core.AprLifecycleListener - Loaded Apache Tomcat Native library [2.0.9] using APR version [1.7.6].
2026-04-08 11:28:27.382 [main] INFO  org.apache.catalina.core.AprLifecycleListener - OpenSSL successfully initialized [OpenSSL 3.5.0 8 Apr 2025]
2026-04-08 11:28:27.389 [main] INFO  org.apache.catalina.core.StandardService - Starting service [Tomcat]
2026-04-08 11:28:27.389 [main] INFO  org.apache.catalina.core.StandardEngine - Starting Servlet engine: [Apache Tomcat/10.1.19]
2026-04-08 11:28:27.453 [main] INFO  o.a.c.core.ContainerBase.[Tomcat].[localhost].[/] - Initializing Spring embedded WebApplicationContext
2026-04-08 11:28:27.454 [main] INFO  o.s.b.w.s.c.ServletWebServerApplicationContext - Root WebApplicationContext: initialization completed in 1017 ms
2026-04-08 11:28:27.969 [main] INFO  c.a.d.s.b.a.DruidDataSourceAutoConfigure - Init DruidDataSource
2026-04-08 11:28:28.192 [main] INFO  com.alibaba.druid.pool.DruidDataSource - {dataSource-1} inited
2026-04-08 11:28:28.480 [main] INFO  o.s.boot.web.embedded.tomcat.TomcatWebServer - Tomcat started on port 8080 (http) with context path ''
2026-04-08 11:28:28.486 [main] INFO  c.lhj.xiaohuangshuauth.XiaohuangshuAuthApplication - Started XiaohuangshuAuthApplication in 2.516 seconds (process running for 3.11)
2026-04-08 11:29:42.693 [http-nio-8080-exec-2] INFO  o.a.c.core.ContainerBase.[Tomcat].[localhost].[/] - Initializing Spring DispatcherServlet 'dispatcherServlet'
2026-04-08 11:29:42.693 [http-nio-8080-exec-2] INFO  org.springframework.web.servlet.DispatcherServlet - Initializing Servlet 'dispatcherServlet'
2026-04-08 11:29:42.694 [http-nio-8080-exec-2] INFO  org.springframework.web.servlet.DispatcherServlet - Completed initialization in 1 ms
2026-04-08 11:29:42.803 [http-nio-8080-exec-2] WARN  c.l.x.exception.GlobalExceptionHandler - /verification/code/send request error, errorCode: AUTH-10001, errorMessage: phone 手机号格式不正确,需为11位数字, 当前值: '1552077866'; 
2026-04-08 11:38:12.220 [SpringApplicationShutdownHook] INFO  com.alibaba.druid.pool.DruidDataSource - {dataSource-1} closing ...
2026-04-08 11:38:12.227 [SpringApplicationShutdownHook] INFO  com.alibaba.druid.pool.DruidDataSource - {dataSource-1} closed
